<?xml version="1.0" encoding="UTF-8"?>
<TestRun id="9578ee24-7fc7-4d8e-8446-ae6b5c3ae128" name="shock@SHOCKPC 2012-02-21 16:38:43" runUser="shockpc\shock" xmlns="http://microsoft.com/schemas/VisualStudio/TeamTest/2010">
  <TestSettings name="Local" id="1e830c3d-158f-447d-90e0-499b1a739c9f">
    <Description>These are default test settings for a local test run.</Description>
    <Deployment enabled="false" runDeploymentRoot="shock_SHOCKPC 2012-02-21 16_38_43">
      <DeploymentItem filename="C:\Windows\Microsoft.Net\assembly\GAC_MSIL\System.Web.WebPages\v4.0_2.0.0.0__31bf3856ad364e35\System.Web.WebPages.dll" />
      <DeploymentItem filename="T:\01. ASP-MVC\Data\InterviewProject\HomeworkSubmission\HomeworkSubmission.MVC\bin\HomeworkSubmission.MVC.dll" />
      <DeploymentItem filename="T:\01. ASP-MVC\Data\InterviewProject\HomeworkSubmission\packages\System.Web.Providers.1.0.1\lib\Net40\System.Web.Providers.dll" />
      <DeploymentItem filename="C:\Program Files (x86)\Microsoft ASP.NET\ASP.NET Web Pages\v2.0\Assemblies\System.Web.WebPages.Deployment.dll" />
      <DeploymentItem filename="C:\Program Files (x86)\Microsoft ASP.NET\ASP.NET Web Pages\v2.0\Assemblies\System.Web.WebPages.Razor.dll" />
      <DeploymentItem filename="T:\01. ASP-MVC\Data\InterviewProject\HomeworkSubmission\HomeworkSubmission.DAL\bin\Debug\HomeworkSubmission.DAL.dll" />
      <DeploymentItem filename="T:\01. ASP-MVC\Data\InterviewProject\HomeworkSubmission\packages\Microsoft.Web.Optimization.0.1\lib\net40\Microsoft.Web.Optimization.dll" />
      <DeploymentItem filename="C:\Program Files (x86)\Microsoft ASP.NET\ASP.NET MVC 4\Assemblies\System.Web.Mvc.dll" />
      <DeploymentItem filename="C:\Program Files (x86)\Microsoft ASP.NET\ASP.NET Web Pages\v2.0\Assemblies\System.Web.Helpers.dll" />
      <DeploymentItem filename="C:\Program Files (x86)\Microsoft ASP.NET\ASP.NET Web Pages\v2.0\Assemblies\Microsoft.Web.Infrastructure.dll" />
      <DeploymentItem filename="C:\Program Files (x86)\Microsoft ASP.NET\ASP.NET Web Pages\v2.0\Assemblies\System.Web.Razor.dll" />
      <DeploymentItem filename="T:\01. ASP-MVC\Data\InterviewProject\HomeworkSubmission\packages\EntityFramework.4.1.10331.0\lib\net40\EntityFramework.dll" />
    </Deployment>
    <Execution>
      <TestTypeSpecific />
      <AgentRule name="Execution Agents">
      </AgentRule>
    </Execution>
  </TestSettings>
  <Times creation="2012-02-21T16:38:43.1755113+02:00" queuing="2012-02-21T16:38:43.2155136+02:00" start="2012-02-21T16:38:43.2415151+02:00" finish="2012-02-21T16:39:01.4205548+02:00" />
  <ResultSummary outcome="Aborted">
    <Counters total="2" executed="1" error="0" failed="0" timeout="0" aborted="1" inconclusive="0" passedButRunAborted="0" notRunnable="0" notExecuted="1" disconnected="0" warning="0" passed="0" completed="0" inProgress="0" pending="0" />
  </ResultSummary>
  <TestDefinitions>
    <UnitTest name="IndexTest" storage="t:\01. asp-mvc\data\interviewproject\homeworksubmission\homeworksubmission.mvc.tests\bin\debug\homeworksubmission.mvc.tests.dll" id="44157b2b-4191-fbce-b2a9-719b36df1b30">
      <Execution id="c972f2a4-c0bc-4545-8304-9ecc5f8628e4" />
      <TestMethod codeBase="T:/01. ASP-MVC/Data/InterviewProject/HomeworkSubmission/HomeworkSubmission.MVC.Tests/bin/Debug/HomeworkSubmission.MVC.Tests.DLL" adapterTypeName="Microsoft.VisualStudio.TestTools.TestTypes.Unit.UnitTestAdapter, Microsoft.VisualStudio.QualityTools.Tips.UnitTest.Adapter, Version=10.0.0.0, Culture=neutral, PublicKeyToken=b03f5f7f11d50a3a" className="HomeworkSubmission.MVC.Tests.SubmissionControllerTest, HomeworkSubmission.MVC.Tests, Version=1.0.0.0, Culture=neutral, PublicKeyToken=null" name="IndexTest" />
      <AspNet webSiteUrl="http://localhost:3248/">
        <Host pathToWebApp="T:\01. ASP-MVC\Data\InterviewProject\HomeworkSubmission\HomeworkSubmission.MVC" webAppRoot="/" />
      </AspNet>
    </UnitTest>
    <UnitTest name="CreateTest" storage="t:\01. asp-mvc\data\interviewproject\homeworksubmission\homeworksubmission.mvc.tests\bin\debug\homeworksubmission.mvc.tests.dll" id="fff6fe82-a045-f6ac-a835-67de1ae3dde2">
      <Execution id="e389e5b2-c49e-4709-9c68-a5b79e332a34" />
      <TestMethod codeBase="T:/01. ASP-MVC/Data/InterviewProject/HomeworkSubmission/HomeworkSubmission.MVC.Tests/bin/Debug/HomeworkSubmission.MVC.Tests.DLL" adapterTypeName="Microsoft.VisualStudio.TestTools.TestTypes.Unit.UnitTestAdapter, Microsoft.VisualStudio.QualityTools.Tips.UnitTest.Adapter, Version=10.0.0.0, Culture=neutral, PublicKeyToken=b03f5f7f11d50a3a" className="HomeworkSubmission.MVC.Tests.SubmissionControllerTest, HomeworkSubmission.MVC.Tests, Version=1.0.0.0, Culture=neutral, PublicKeyToken=null" name="CreateTest" />
      <AspNet webSiteUrl="http://localhost:3248/Submission/">
        <Host pathToWebApp="T:\01. ASP-MVC\Data\InterviewProject\HomeworkSubmission\HomeworkSubmission.MVC" webAppRoot="/" />
      </AspNet>
    </UnitTest>
  </TestDefinitions>
  <TestLists>
    <TestList name="Results Not in a List" id="8c84fa94-04c1-424b-9868-57a2d4851a1d" />
    <TestList name="All Loaded Results" id="19431567-8539-422a-85d7-44ee4e166bda" />
  </TestLists>
  <TestEntries>
    <TestEntry testId="44157b2b-4191-fbce-b2a9-719b36df1b30" executionId="c972f2a4-c0bc-4545-8304-9ecc5f8628e4" testListId="8c84fa94-04c1-424b-9868-57a2d4851a1d" />
    <TestEntry testId="fff6fe82-a045-f6ac-a835-67de1ae3dde2" executionId="e389e5b2-c49e-4709-9c68-a5b79e332a34" testListId="8c84fa94-04c1-424b-9868-57a2d4851a1d" />
  </TestEntries>
  <Results>
    <UnitTestResult executionId="c972f2a4-c0bc-4545-8304-9ecc5f8628e4" testId="44157b2b-4191-fbce-b2a9-719b36df1b30" testName="IndexTest" computerName="SHOCKPC" duration="00:00:12.2016979" startTime="2012-02-21T16:38:43.3155193+02:00" endTime="2012-02-21T16:38:55.5172172+02:00" testType="13cdc9d9-ddb5-4fa4-a97d-d965ccfc6d4b" outcome="Aborted" testListId="8c84fa94-04c1-424b-9868-57a2d4851a1d" relativeResultsDirectory="c972f2a4-c0bc-4545-8304-9ecc5f8628e4">
      <Output>
        <ErrorInfo>
          <Message>User aborted test run.</Message>
        </ErrorInfo>
      </Output>
    </UnitTestResult>
    <UnitTestResult executionId="e389e5b2-c49e-4709-9c68-a5b79e332a34" testId="fff6fe82-a045-f6ac-a835-67de1ae3dde2" testName="CreateTest" computerName="SHOCKPC" testType="13cdc9d9-ddb5-4fa4-a97d-d965ccfc6d4b" outcome="NotExecuted" testListId="8c84fa94-04c1-424b-9868-57a2d4851a1d" relativeResultsDirectory="e389e5b2-c49e-4709-9c68-a5b79e332a34">
    </UnitTestResult>
  </Results>
</TestRun>