<?xml version="1.0" encoding="UTF-8"?>
<TestRun id="4e2d3ed9-1d56-4326-85ef-bb8320113cad" name="shock@SHOCKPC 2012-02-21 17:53:23" runUser="shockpc\shock" xmlns="http://microsoft.com/schemas/VisualStudio/TeamTest/2010">
  <TestSettings name="Local" id="1e830c3d-158f-447d-90e0-499b1a739c9f">
    <Description>These are default test settings for a local test run.</Description>
    <Deployment enabled="false" runDeploymentRoot="shock_SHOCKPC 2012-02-21 17_53_23">
      <DeploymentItem filename="C:\Windows\Microsoft.Net\assembly\GAC_MSIL\System.Web.WebPages\v4.0_2.0.0.0__31bf3856ad364e35\System.Web.WebPages.dll" />
      <DeploymentItem filename="T:\01. ASP-MVC\Data\InterviewProject\HomeworkSubmission\HomeworkSubmission.MVC\bin\HomeworkSubmission.MVC.dll" />
      <DeploymentItem filename="T:\01. ASP-MVC\Data\InterviewProject\HomeworkSubmission\packages\System.Web.Providers.1.0.1\lib\Net40\System.Web.Providers.dll" />
      <DeploymentItem filename="C:\Program Files (x86)\Microsoft ASP.NET\ASP.NET Web Pages\v2.0\Assemblies\System.Web.WebPages.Deployment.dll" />
      <DeploymentItem filename="C:\Program Files (x86)\Microsoft ASP.NET\ASP.NET Web Pages\v2.0\Assemblies\System.Web.WebPages.Razor.dll" />
      <DeploymentItem filename="T:\01. ASP-MVC\Data\InterviewProject\HomeworkSubmission\HomeworkSubmission.DAL\bin\Debug\HomeworkSubmission.DAL.dll" />
      <DeploymentItem filename="T:\01. ASP-MVC\Data\InterviewProject\HomeworkSubmission\packages\Microsoft.Web.Optimization.0.1\lib\net40\Microsoft.Web.Optimization.dll" />
      <DeploymentItem filename="C:\Program Files (x86)\Microsoft ASP.NET\ASP.NET MVC 4\Assemblies\System.Web.Mvc.dll" />
      <DeploymentItem filename="C:\Program Files (x86)\Microsoft ASP.NET\ASP.NET Web Pages\v2.0\Assemblies\System.Web.Helpers.dll" />
      <DeploymentItem filename="C:\Program Files (x86)\Microsoft ASP.NET\ASP.NET Web Pages\v2.0\Assemblies\Microsoft.Web.Infrastructure.dll" />
      <DeploymentItem filename="C:\Program Files (x86)\Microsoft ASP.NET\ASP.NET Web Pages\v2.0\Assemblies\System.Web.Razor.dll" />
      <DeploymentItem filename="T:\01. ASP-MVC\Data\InterviewProject\HomeworkSubmission\packages\EntityFramework.4.1.10331.0\lib\net40\EntityFramework.dll" />
    </Deployment>
    <Execution>
      <TestTypeSpecific />
      <AgentRule name="Execution Agents">
      </AgentRule>
    </Execution>
  </TestSettings>
  <Times creation="2012-02-21T17:53:23.0357446+02:00" queuing="2012-02-21T17:53:23.0747469+02:00" start="2012-02-21T17:53:23.0787471+02:00" finish="2012-02-21T17:53:23.0857475+02:00" />
  <ResultSummary outcome="Failed">
    <Counters total="1" executed="1" error="0" failed="1" timeout="0" aborted="0" inconclusive="0" passedButRunAborted="0" notRunnable="0" notExecuted="0" disconnected="0" warning="0" passed="0" completed="0" inProgress="0" pending="0" />
  </ResultSummary>
  <TestDefinitions>
    <UnitTest name="CreateTest" storage="t:\01. asp-mvc\data\interviewproject\homeworksubmission\homeworksubmission.mvc.tests\bin\debug\homeworksubmission.mvc.tests.dll" id="fff6fe82-a045-f6ac-a835-67de1ae3dde2">
      <Execution id="9a0004c1-ef7b-4f02-8514-eadf204604b3" />
      <TestMethod codeBase="T:/01. ASP-MVC/Data/InterviewProject/HomeworkSubmission/HomeworkSubmission.MVC.Tests/bin/Debug/HomeworkSubmission.MVC.Tests.DLL" adapterTypeName="Microsoft.VisualStudio.TestTools.TestTypes.Unit.UnitTestAdapter, Microsoft.VisualStudio.QualityTools.Tips.UnitTest.Adapter, Version=10.0.0.0, Culture=neutral, PublicKeyToken=b03f5f7f11d50a3a" className="HomeworkSubmission.MVC.Tests.SubmissionControllerTest, HomeworkSubmission.MVC.Tests, Version=1.0.0.0, Culture=neutral, PublicKeyToken=null" name="CreateTest" />
      <AspNet webSiteUrl="http://localhost:777/" />
    </UnitTest>
  </TestDefinitions>
  <TestLists>
    <TestList name="Results Not in a List" id="8c84fa94-04c1-424b-9868-57a2d4851a1d" />
    <TestList name="All Loaded Results" id="19431567-8539-422a-85d7-44ee4e166bda" />
  </TestLists>
  <TestEntries>
    <TestEntry testId="fff6fe82-a045-f6ac-a835-67de1ae3dde2" executionId="9a0004c1-ef7b-4f02-8514-eadf204604b3" testListId="8c84fa94-04c1-424b-9868-57a2d4851a1d" />
  </TestEntries>
  <Results>
    <UnitTestResult executionId="9a0004c1-ef7b-4f02-8514-eadf204604b3" testId="fff6fe82-a045-f6ac-a835-67de1ae3dde2" testName="CreateTest" computerName="SHOCKPC" startTime="2012-02-21T17:53:23.0807472+02:00" endTime="2012-02-21T17:53:23.0817473+02:00" testType="13cdc9d9-ddb5-4fa4-a97d-d965ccfc6d4b" outcome="Failed" testListId="8c84fa94-04c1-424b-9868-57a2d4851a1d" relativeResultsDirectory="9a0004c1-ef7b-4f02-8514-eadf204604b3">
      <Output>
        <ErrorInfo>
          <Message>The URL specified ('http://localhost:777/') does not correspond to a valid directory. Tests configured to run in ASP.NET in IIS require a valid directory to exist for the URL. The URL may be invalid or may not point to a valid Web application.</Message>
        </ErrorInfo>
      </Output>
    </UnitTestResult>
  </Results>
</TestRun>